Invoking: node scripts/build.js 
- Cleaning up the previous build
✔ Cleaning up the previous build
- Generating component metadata
✔ Generating component metadata
- Wrapping components for React
✔ Wrapping components for React
- Generating themes
✔ Generating themes
- Packaging up icons
✔ Packaging up icons
- Running the TypeScript compiler
✔ Running the TypeScript compiler
- Themes, Icons, and TS Types to "cdn"
✔ Themes, Icons, and TS Types to "cdn"
- Building source files
✔ Building source files
- Copying the build to "_site"
✔ Copying the build to "_site"
- Building the docs
(node:36660) [DEP0190] DeprecationWarning: Passing args to a child process with shell option true can lead to security vulnerabilities, as the arguments are not escaped, only concatenated.
(Use `node --trace-deprecation ...` to show where the warning was created)
✔ Building the docs

[11ty] Benchmark  11223ms  19%    88× (Configuration) "html-transform" Transform

[11ty] Copied 33 files / Wrote 88 files in 30.68 seconds (348.6ms each, v2.0.1)

